// Vitest Snapshot v1, https://vitest.dev/guide/snapshot.html

exports[`SearchBar > renders correctly 1`] = `
<div>
  <div>
    <div
      class="relative mt-2 flex items-center"
    >
      <input
        class="block w-full rounded-md border-0 py-1.5 pr-14 text-gray-900 shadow-sm ring-1 ring-inset ring-gray-300 placeholder:text-gray-400 focus:ring-8 focus:ring-inset focus:!ring-primary-300 sm:text-sm sm:leading-6"
        id="search"
        name="search"
        type="text"
      />
      <div
        class="absolute inset-y-0 right-0 flex py-1.5 pr-1.5 hover:cursor-pointer"
      >
        <kbd
          class="inline-flex items-center rounded border border-gray-200 px-1 font-sans text-xs text-gray-400"
        >
          Enter
        </kbd>
      </div>
    </div>
  </div>
</div>
`;
