// Vitest Snapshot v1, https://vitest.dev/guide/snapshot.html

exports[`renders the title and data when the query is successful 1`] = `
<div>
  <div
    class="test-class"
  >
    <h3
      class="css-1hpno4e"
    >
      Test Title
    </h3>
    <div
      style="display: flex; align-items: center;"
    >
      <div
        class="flex flex-col items-center"
      >
        <div
          class="flex self-center"
        >
          <span
            class="bg-green-500 css-1ubanwl"
            title="score: 95"
          >
            A
            <div
              class="text-xs font-normal text-right"
            >
              1h
               average
            </div>
          </span>
        </div>
        <div
          class="grid grid-cols-2 text-xs text-left align-text-bottom items-center self-center ml-10 mt-10"
        >
          <span
            class="font-bold"
          >
            Mean duration:
          </span>
          <span>
            0.03
             s
          </span>
          <span
            class="font-bold"
          >
            Errors:
          </span>
          <span>
            50,0Â %
          </span>
        </div>
      </div>
      <div
        class="recharts-responsive-container"
        style="width: 90%; height: 300px; min-width: 0;"
      />
    </div>
  </div>
</div>
`;
